---
source: rust/foxglove/src/websocket/ws_protocol/server/subscription_response.rs
expression: message()
---
{
  "op": "subscriptionResponse",
  "subscriptions": [
    {
      "id": 1,
      "channelId": 10
    },
    {
      "id": 2,
      "channelId": 20
    }
  ]
}
